// Jest Snapshot v1, https://goo.gl/fbAQLP

exports[`renders 2 columns 1`] = `
<div>
  <div
    class="columns-view"
  >
    <div
      class="ui twelve column grid column-grid"
    >
      <div
        class="six wide computer twelve wide mobile six wide tablet column column-blocks-wrapper"
      >
        left marker
      </div>
      <div
        class="six wide computer twelve wide mobile six wide tablet column column-blocks-wrapper"
      >
        right
      </div>
    </div>
  </div>
</div>
`;
