// Jest Snapshot v1, https://goo.gl/fbAQLP

exports[`renders column variations component 1`] = `
<div
  className="ui segment"
>
  <h4>
    Select layout:
  </h4>
  <div
    className="ui centered seven cards"
  >
    <a
      className="ui card"
      onClick={[Function]}
    >
      <div
        className="content"
      >
        <svg
          className="icon"
          dangerouslySetInnerHTML={
            Object {
              "__html": undefined,
            }
          }
          onClick={null}
          style={
            Object {
              "fill": "currentColor",
              "height": "55px",
              "width": "auto",
            }
          }
        />
        <p>
          50 / 50
        </p>
      </div>
    </a>
  </div>
</div>
`;
